app/(tabs)/index.tsx(78,36): error TS2345: Argument of type '`/movie/${any}`' is not assignable to parameter of type '"/" | RelativePathString | ExternalPathString | "/modal" | `/modal?${string}` | `/modal#${string}` | "/../utils/api" | `/../utils/api?${string}` | `/../utils/api#${string}` | "/(tabs)" | ... 30 more ... | { ...; }'.
app/(tabs)/index.tsx(113,36): error TS2345: Argument of type '`/movie/${any}`' is not assignable to parameter of type '"/" | RelativePathString | ExternalPathString | "/modal" | `/modal?${string}` | `/modal#${string}` | "/../utils/api" | `/../utils/api?${string}` | `/../utils/api#${string}` | "/(tabs)" | ... 30 more ... | { ...; }'.
app/(tabs)/search.tsx(92,40): error TS2345: Argument of type '`/movie/${any}`' is not assignable to parameter of type '"/" | RelativePathString | ExternalPathString | "/modal" | `/modal?${string}` | `/modal#${string}` | "/../utils/api" | `/../utils/api?${string}` | `/../utils/api#${string}` | "/(tabs)" | ... 30 more ... | { ...; }'.
